---
source: crates/wx-compiler/src/mir/tests.rs
expression: case.mir
---
functions:
  - id: 107
    signature_index: 0
    scopes:
      - kind: Block
        parent: ~
        locals: []
        locals_debug: []
        result:
          Aggregate:
            aggregate_index: 0
    block:
      kind:
        Block:
          scope_index: 0
          expressions:
            - kind:
                Aggregate:
                  values:
                    - kind:
                        Int:
                          value: 0
                      ty: U32
                      span:
                        start: 94
                        end: 95
                    - kind:
                        Int:
                          value: 0
                      ty: U32
                      span:
                        start: 100
                        end: 101
              ty:
                Aggregate:
                  aggregate_index: 0
              span:
                start: 83
                end: 103
      ty:
        Aggregate:
          aggregate_index: 0
      span:
        start: 77
        end: 105
    static_data: []
    file_id: 1
    name: ~
signatures:
  - items:
      - Aggregate:
          aggregate_index: 0
    params_count: 0
  - items:
      - U32
      - Bool
    params_count: 1
  - items:
      - U32
      - U32
    params_count: 1
globals: []
exports:
  - Function:
      id: 107
      name: 120
imports: []
memories: []
aggregates:
  - values:
      - U32
      - U32
    offsets:
      - 0
      - 4
    layout:
      size: 8
      align: 4
    decl_to_phys:
      - 0
      - 1
static_entries: []
start_function: ~
