---
source: crates/wx-compiler/src/mir/tests.rs
expression: case.mir
---
functions:
  - id: 57
    signature_index: 0
    scopes:
      - kind: Block
        parent: ~
        locals: []
        result: U32
    block:
      kind:
        Block:
          scope_index: 0
          expressions:
            - kind:
                MemoryIndex:
                  memory: 56
              ty: U32
      ty: U32
    static_data: []
signatures:
  - items:
      - U32
    params_count: 0
  - items:
      - U32
      - Bool
    params_count: 1
  - items:
      - U32
      - U32
    params_count: 1
globals: []
exports:
  - Function:
      id: 57
      name: 85
imports: []
memories:
  - id: 56
    source: Internal
    kind: Memory32
    min_pages: ~
    max_pages: ~
aggregates: []
static_entries: []
start_function: ~
