---
source: crates/wx-compiler/src/mir/tests.rs
expression: case.mir
---
functions:
  - id: 108
    signature_index: 0
    scopes:
      - kind: Block
        parent: ~
        locals:
          - ty:
              Pointer:
                memory: 106
                kind: Memory32
            mutability: Immutable
        locals_debug: []
        result: Unit
    block:
      kind:
        Block:
          scope_index: 0
          expressions:
            - kind:
                PointerStore:
                  pointer:
                    kind:
                      LocalGet:
                        scope_index: 0
                        local_index: 0
                    ty:
                      Pointer:
                        memory: 106
                        kind: Memory32
                    span:
                      start: 155
                      end: 156
                  value:
                    kind:
                      Add:
                        left:
                          kind:
                            PointerLoad:
                              pointer:
                                kind:
                                  LocalGet:
                                    scope_index: 0
                                    local_index: 0
                                ty:
                                  Pointer:
                                    memory: 106
                                    kind: Memory32
                                span:
                                  start: 155
                                  end: 156
                              offset: 4
                              memory: 106
                          ty: U32
                          span:
                            start: 155
                            end: 162
                        right:
                          kind:
                            Int:
                              value: 1
                          ty: U32
                          span:
                            start: 166
                            end: 167
                    ty: U32
                    span:
                      start: 155
                      end: 167
                  offset: 4
                  memory: 106
              ty: Unit
              span:
                start: 155
                end: 167
      ty: Unit
      span:
        start: 149
        end: 170
    static_data: []
    file_id: 1
    name: ~
signatures:
  - items:
      - Pointer:
          memory: 106
          kind: Memory32
      - Unit
    params_count: 1
  - items:
      - U32
      - Bool
    params_count: 1
  - items:
      - U32
      - U32
    params_count: 1
globals: []
exports:
  - Function:
      id: 108
      name: 121
imports: []
memories:
  - id: 106
    source: Internal
    kind: Memory32
    min_pages: ~
    max_pages: ~
aggregates:
  - values:
      - U32
      - U32
      - U32
    offsets:
      - 0
      - 4
      - 8
    layout:
      size: 12
      align: 4
    decl_to_phys:
      - 0
      - 1
      - 2
static_entries: []
start_function: ~
