---
source: crates/wx-compiler/src/mir/tests.rs
expression: case.mir
---
functions:
  - id: 405
    signature_index: 0
    scopes:
      - kind: Block
        parent: ~
        locals:
          - ty:
              Aggregate:
                aggregate_index: 0
            mutability: Immutable
          - ty:
              Aggregate:
                aggregate_index: 0
            mutability: Immutable
          - ty:
              Aggregate:
                aggregate_index: 0
            mutability: Immutable
          - ty:
              Aggregate:
                aggregate_index: 0
            mutability: Immutable
          - ty: I32
            mutability: Immutable
          - ty: I32
            mutability: Immutable
          - ty: I32
            mutability: Immutable
          - ty: I32
            mutability: Immutable
        result:
          Aggregate:
            aggregate_index: 0
      - kind: Block
        parent: 0
        locals: []
        result:
          Aggregate:
            aggregate_index: 0
      - kind: Block
        parent: 1
        locals: []
        result: I32
      - kind: Block
        parent: 1
        locals: []
        result: I32
    block:
      kind:
        Block:
          scope_index: 0
          expressions:
            - kind:
                Block:
                  scope_index: 1
                  expressions:
                    - kind:
                        LocalSet:
                          scope_index: 0
                          local_index: 2
                          value:
                            kind:
                              LocalGet:
                                scope_index: 0
                                local_index: 0
                            ty:
                              Aggregate:
                                aggregate_index: 0
                      ty: Unit
                    - kind:
                        LocalSet:
                          scope_index: 0
                          local_index: 3
                          value:
                            kind:
                              LocalGet:
                                scope_index: 0
                                local_index: 1
                            ty:
                              Aggregate:
                                aggregate_index: 0
                      ty: Unit
                    - kind:
                        Block:
                          scope_index: 0
                          expressions:
                            - kind:
                                Aggregate:
                                  values:
                                    - kind:
                                        Block:
                                          scope_index: 2
                                          expressions:
                                            - kind:
                                                LocalSet:
                                                  scope_index: 0
                                                  local_index: 4
                                                  value:
                                                    kind:
                                                      AggregateGet:
                                                        scope_index: 0
                                                        local_index: 2
                                                        value_index: 0
                                                    ty: I32
                                              ty: Unit
                                            - kind:
                                                LocalSet:
                                                  scope_index: 0
                                                  local_index: 5
                                                  value:
                                                    kind:
                                                      AggregateGet:
                                                        scope_index: 0
                                                        local_index: 3
                                                        value_index: 0
                                                    ty: I32
                                              ty: Unit
                                            - kind:
                                                Block:
                                                  scope_index: 0
                                                  expressions:
                                                    - kind:
                                                        Add:
                                                          left:
                                                            kind:
                                                              LocalGet:
                                                                scope_index: 0
                                                                local_index: 4
                                                            ty: I32
                                                          right:
                                                            kind:
                                                              LocalGet:
                                                                scope_index: 0
                                                                local_index: 5
                                                            ty: I32
                                                      ty: I32
                                              ty: I32
                                      ty: I32
                                    - kind:
                                        Block:
                                          scope_index: 3
                                          expressions:
                                            - kind:
                                                LocalSet:
                                                  scope_index: 0
                                                  local_index: 6
                                                  value:
                                                    kind:
                                                      AggregateGet:
                                                        scope_index: 0
                                                        local_index: 2
                                                        value_index: 1
                                                    ty: I32
                                              ty: Unit
                                            - kind:
                                                LocalSet:
                                                  scope_index: 0
                                                  local_index: 7
                                                  value:
                                                    kind:
                                                      AggregateGet:
                                                        scope_index: 0
                                                        local_index: 3
                                                        value_index: 1
                                                    ty: I32
                                              ty: Unit
                                            - kind:
                                                Block:
                                                  scope_index: 0
                                                  expressions:
                                                    - kind:
                                                        Add:
                                                          left:
                                                            kind:
                                                              LocalGet:
                                                                scope_index: 0
                                                                local_index: 6
                                                            ty: I32
                                                          right:
                                                            kind:
                                                              LocalGet:
                                                                scope_index: 0
                                                                local_index: 7
                                                            ty: I32
                                                      ty: I32
                                              ty: I32
                                      ty: I32
                              ty:
                                Aggregate:
                                  aggregate_index: 0
                      ty:
                        Aggregate:
                          aggregate_index: 0
              ty:
                Aggregate:
                  aggregate_index: 0
      ty:
        Aggregate:
          aggregate_index: 0
    static_data: []
signatures:
  - items:
      - Aggregate:
          aggregate_index: 0
      - Aggregate:
          aggregate_index: 0
      - Aggregate:
          aggregate_index: 0
    params_count: 2
  - items:
      - F32
      - F32
    params_count: 1
  - items:
      - F64
      - F64
    params_count: 1
  - items:
      - I32
      - I32
      - I32
    params_count: 2
  - items:
      - I32
      - I32
    params_count: 1
  - items:
      - U32
      - U32
      - U32
    params_count: 2
  - items:
      - U32
      - U32
    params_count: 1
  - items:
      - I64
      - I64
      - I64
    params_count: 2
  - items:
      - I64
      - I64
    params_count: 1
  - items:
      - U64
      - U64
      - U64
    params_count: 2
  - items:
      - U64
      - U64
    params_count: 1
  - items:
      - F32
      - F32
      - F32
    params_count: 2
  - items:
      - F64
      - F64
      - F64
    params_count: 2
  - items:
      - I8
      - I8
      - I8
    params_count: 2
  - items:
      - I8
      - I8
    params_count: 1
  - items:
      - U8
      - U8
      - U8
    params_count: 2
  - items:
      - U8
      - U8
    params_count: 1
  - items:
      - I16
      - I16
      - I16
    params_count: 2
  - items:
      - I16
      - I16
    params_count: 1
  - items:
      - U16
      - U16
      - U16
    params_count: 2
  - items:
      - U16
      - U16
    params_count: 1
  - items:
      - Bool
      - Bool
      - Bool
    params_count: 2
  - items:
      - U32
      - Bool
    params_count: 1
globals: []
exports:
  - Function:
      id: 405
      name: 205
imports: []
memories: []
aggregates:
  - values:
      - I32
      - I32
    offsets:
      - 0
      - 4
    layout:
      size: 8
      align: 4
    decl_to_phys:
      - 0
      - 1
static_entries: []
start_function: ~
