---
source: crates/wx-compiler/src/mir/tests.rs
expression: case.mir
---
functions:
  - id: 106
    signature_index: 0
    scopes:
      - kind: Block
        parent: ~
        locals:
          - ty: U32
            mutability: Immutable
        locals_debug: []
        result: U32
    block:
      kind:
        Block:
          scope_index: 0
          expressions:
            - kind:
                Add:
                  left:
                    kind:
                      LocalGet:
                        scope_index: 0
                        local_index: 0
                    ty: U32
                    span:
                      start: 39
                      end: 40
                  right:
                    kind:
                      Int:
                        value: 1
                    ty: U32
                    span:
                      start: 43
                      end: 44
              ty: U32
              span:
                start: 39
                end: 44
      ty: U32
      span:
        start: 37
        end: 46
    static_data: []
    file_id: 1
    name: ~
  - id: 107
    signature_index: 0
    scopes:
      - kind: Block
        parent: ~
        locals:
          - ty: U32
            mutability: Immutable
        locals_debug: []
        result: U32
    block:
      kind:
        Block:
          scope_index: 0
          expressions:
            - kind:
                Call:
                  callee:
                    kind:
                      Function:
                        id: 106
                    ty:
                      Function:
                        signature_index: 0
                    span:
                      start: 73
                      end: 79
                  arguments:
                    - kind:
                        LocalGet:
                          scope_index: 0
                          local_index: 0
                      ty: U32
                      span:
                        start: 80
                        end: 81
              ty: U32
              span:
                start: 73
                end: 82
      ty: U32
      span:
        start: 71
        end: 84
    static_data: []
    file_id: 1
    name: ~
signatures:
  - items:
      - U32
      - U32
    params_count: 1
  - items:
      - U32
      - Bool
    params_count: 1
globals: []
exports:
  - Function:
      id: 107
      name: 119
imports: []
memories: []
aggregates: []
static_entries: []
start_function: ~
