---
source: crates/wx-compiler/src/mir/tests.rs
expression: case.mir
---
functions:
  - id: 470
    signature_index: 0
    scopes:
      - kind: Block
        parent: ~
        locals: []
        result: I32
    block:
      kind:
        Block:
          scope_index: 0
          expressions:
            - kind:
                Int:
                  value: 2
              ty: I32
      ty: I32
    static_data: []
signatures:
  - items:
      - I32
    params_count: 0
  - items:
      - F32
      - F32
    params_count: 1
  - items:
      - F32
      - F32
      - F32
    params_count: 2
  - items:
      - F32
      - I32
    params_count: 1
  - items:
      - F32
      - U32
    params_count: 1
  - items:
      - I32
      - F32
    params_count: 1
  - items:
      - U32
      - F32
    params_count: 1
  - items:
      - F32
      - F64
    params_count: 1
  - items:
      - F32
      - I64
    params_count: 1
  - items:
      - F32
      - U64
    params_count: 1
  - items:
      - F64
      - F64
    params_count: 1
  - items:
      - F64
      - F64
      - F64
    params_count: 2
  - items:
      - F64
      - I64
    params_count: 1
  - items:
      - F64
      - U64
    params_count: 1
  - items:
      - I64
      - F64
    params_count: 1
  - items:
      - U64
      - F64
    params_count: 1
  - items:
      - F64
      - F32
    params_count: 1
  - items:
      - F64
      - I32
    params_count: 1
  - items:
      - F64
      - U32
    params_count: 1
  - items:
      - I32
      - F64
    params_count: 1
  - items:
      - I32
      - I32
      - I32
    params_count: 2
  - items:
      - I32
      - I32
    params_count: 1
  - items:
      - U32
      - F64
    params_count: 1
  - items:
      - U32
      - U32
      - U32
    params_count: 2
  - items:
      - U32
      - U32
    params_count: 1
  - items:
      - I64
      - F32
    params_count: 1
  - items:
      - I64
      - I64
      - I64
    params_count: 2
  - items:
      - I64
      - I64
    params_count: 1
  - items:
      - U64
      - F32
    params_count: 1
  - items:
      - U64
      - U64
      - U64
    params_count: 2
  - items:
      - U64
      - U64
    params_count: 1
  - items:
      - I8
      - I8
      - I8
    params_count: 2
  - items:
      - I8
      - I8
    params_count: 1
  - items:
      - U8
      - U8
      - U8
    params_count: 2
  - items:
      - U8
      - U8
    params_count: 1
  - items:
      - I16
      - I16
      - I16
    params_count: 2
  - items:
      - I16
      - I16
    params_count: 1
  - items:
      - U16
      - U16
      - U16
    params_count: 2
  - items:
      - U16
      - U16
    params_count: 1
  - items:
      - Bool
      - Bool
      - Bool
    params_count: 2
  - items:
      - U32
      - Bool
    params_count: 1
globals: []
exports:
  - Function:
      id: 470
      name: 244
imports: []
memories: []
aggregates: []
static_entries: []
start_function: ~
