---
source: crates/wx-compiler/src/mir/tests.rs
expression: case.mir
---
functions:
  - id: 404
    signature_index: 0
    scopes:
      - kind: Block
        parent: ~
        locals: []
        result: U32
    block:
      kind:
        Block:
          scope_index: 0
          expressions:
            - kind:
                Call:
                  callee:
                    kind:
                      Function:
                        id: 410
                    ty:
                      Function:
                        signature_index: 0
                  arguments: []
              ty: U32
      ty: U32
    static_data: []
  - id: 405
    signature_index: 0
    scopes:
      - kind: Block
        parent: ~
        locals: []
        result: U32
    block:
      kind:
        Block:
          scope_index: 0
          expressions:
            - kind:
                Call:
                  callee:
                    kind:
                      Function:
                        id: 411
                    ty:
                      Function:
                        signature_index: 0
                  arguments: []
              ty: U32
      ty: U32
    static_data: []
  - id: 410
    signature_index: 0
    scopes:
      - kind: Block
        parent: ~
        locals: []
        result: U32
    block:
      kind:
        Block:
          scope_index: 0
          expressions:
            - kind:
                Int:
                  value: 1
              ty: U32
      ty: U32
    static_data: []
  - id: 411
    signature_index: 0
    scopes:
      - kind: Block
        parent: ~
        locals: []
        result: U32
    block:
      kind:
        Block:
          scope_index: 0
          expressions:
            - kind:
                Int:
                  value: 4
              ty: U32
      ty: U32
    static_data: []
signatures:
  - items:
      - U32
    params_count: 0
  - items:
      - F32
      - F32
    params_count: 1
  - items:
      - F64
      - F64
    params_count: 1
  - items:
      - I32
      - I32
      - I32
    params_count: 2
  - items:
      - I32
      - I32
    params_count: 1
  - items:
      - U32
      - U32
      - U32
    params_count: 2
  - items:
      - U32
      - U32
    params_count: 1
  - items:
      - I64
      - I64
      - I64
    params_count: 2
  - items:
      - I64
      - I64
    params_count: 1
  - items:
      - U64
      - U64
      - U64
    params_count: 2
  - items:
      - U64
      - U64
    params_count: 1
  - items:
      - F32
      - F32
      - F32
    params_count: 2
  - items:
      - F64
      - F64
      - F64
    params_count: 2
  - items:
      - I8
      - I8
      - I8
    params_count: 2
  - items:
      - I8
      - I8
    params_count: 1
  - items:
      - U8
      - U8
      - U8
    params_count: 2
  - items:
      - U8
      - U8
    params_count: 1
  - items:
      - I16
      - I16
      - I16
    params_count: 2
  - items:
      - I16
      - I16
    params_count: 1
  - items:
      - U16
      - U16
      - U16
    params_count: 2
  - items:
      - U16
      - U16
    params_count: 1
  - items:
      - Bool
      - Bool
      - Bool
    params_count: 2
  - items:
      - U32
      - Bool
    params_count: 1
globals: []
exports:
  - Function:
      id: 404
      name: 205
  - Function:
      id: 405
      name: 206
imports: []
memories:
  - id: 402
    source: Internal
    kind: Memory32
    min_pages: ~
    max_pages: ~
aggregates: []
static_entries: []
start_function: ~
