---
source: crates/wx-compiler/src/mir/tests.rs
expression: case.mir
---
functions:
  - id: 59
    signature_index: 1
    scopes:
      - kind: Block
        parent: ~
        locals:
          - ty: U32
            mutability: Immutable
        result: U32
    block:
      kind:
        Block:
          scope_index: 0
          expressions:
            - kind:
                Call:
                  callee:
                    kind:
                      Function:
                        id: 67
                    ty:
                      Function:
                        signature_index: 0
                  arguments:
                    - kind: Noop
                      ty: Unit
                    - kind:
                        LocalGet:
                          scope_index: 0
                          local_index: 0
                      ty: U32
              ty: U32
      ty: U32
    static_data: []
  - id: 60
    signature_index: 3
    scopes:
      - kind: Block
        parent: ~
        locals:
          - ty: U64
            mutability: Immutable
        result: U64
    block:
      kind:
        Block:
          scope_index: 0
          expressions:
            - kind:
                Call:
                  callee:
                    kind:
                      Function:
                        id: 68
                    ty:
                      Function:
                        signature_index: 2
                  arguments:
                    - kind: Noop
                      ty: Unit
                    - kind:
                        LocalGet:
                          scope_index: 0
                          local_index: 0
                      ty: U64
              ty: U64
      ty: U64
    static_data: []
  - id: 67
    signature_index: 0
    scopes:
      - kind: Block
        parent: ~
        locals:
          - ty: Unit
            mutability: Immutable
          - ty: U32
            mutability: Immutable
        result: U32
    block:
      kind:
        Block:
          scope_index: 0
          expressions:
            - kind:
                LocalGet:
                  scope_index: 0
                  local_index: 1
              ty: U32
      ty: U32
    static_data: []
  - id: 68
    signature_index: 2
    scopes:
      - kind: Block
        parent: ~
        locals:
          - ty: Unit
            mutability: Immutable
          - ty: U64
            mutability: Immutable
        result: U64
    block:
      kind:
        Block:
          scope_index: 0
          expressions:
            - kind:
                LocalGet:
                  scope_index: 0
                  local_index: 1
              ty: U64
      ty: U64
    static_data: []
signatures:
  - items:
      - Unit
      - U32
      - U32
    params_count: 2
  - items:
      - U32
      - U32
    params_count: 1
  - items:
      - Unit
      - U64
      - U64
    params_count: 2
  - items:
      - U64
      - U64
    params_count: 1
  - items:
      - U32
      - Bool
    params_count: 1
globals: []
exports:
  - Function:
      id: 59
      name: 88
  - Function:
      id: 60
      name: 89
imports: []
memories:
  - id: 56
    source: Internal
    kind: Memory32
    min_pages: ~
    max_pages: ~
  - id: 57
    source: Internal
    kind: Memory64
    min_pages: ~
    max_pages: ~
aggregates: []
static_entries: []
start_function: ~
