---
source: crates/wx-compiler/src/mir/tests.rs
expression: case.mir
---
functions:
  - id: 57
    signature_index: 1
    scopes:
      - kind: Block
        parent: ~
        locals:
          - ty: U32
            mutability: Immutable
        result: U32
      - kind: Block
        parent: 0
        locals: []
        result: U32
      - kind: Block
        parent: 1
        locals:
          - ty: Unit
            mutability: Immutable
          - ty: U32
            mutability: Immutable
        result: U32
    block:
      kind:
        Block:
          scope_index: 0
          expressions:
            - kind:
                Block:
                  scope_index: 1
                  expressions:
                    - kind:
                        LocalSet:
                          scope_index: 2
                          local_index: 0
                          value:
                            kind: Noop
                            ty: Unit
                      ty: Unit
                    - kind:
                        LocalSet:
                          scope_index: 2
                          local_index: 1
                          value:
                            kind:
                              LocalGet:
                                scope_index: 0
                                local_index: 0
                            ty: U32
                      ty: Unit
                    - kind:
                        Block:
                          scope_index: 2
                          expressions:
                            - kind:
                                MemoryGrow:
                                  memory: 56
                                  delta:
                                    kind:
                                      LocalGet:
                                        scope_index: 2
                                        local_index: 1
                                    ty: U32
                              ty: U32
                      ty: U32
              ty: U32
      ty: U32
    static_data: []
signatures:
  - items:
      - Unit
      - U32
      - U32
    params_count: 2
  - items:
      - U32
      - U32
    params_count: 1
  - items:
      - U32
      - Bool
    params_count: 1
globals: []
exports:
  - Function:
      id: 57
      name: 85
imports: []
memories:
  - id: 56
    source: Internal
    kind: Memory32
    min_pages: ~
    max_pages: ~
aggregates: []
static_entries: []
start_function: ~
