---
source: crates/wx-compiler/src/mir/tests.rs
expression: case.mir
---
functions:
  - id: 107
    signature_index: 0
    scopes:
      - kind: Block
        parent: ~
        locals: []
        locals_debug: []
        result: U32
    block:
      kind:
        Block:
          scope_index: 0
          expressions:
            - kind:
                MemoryIndex:
                  memory: 106
              ty: U32
              span:
                start: 79
                end: 97
      ty: U32
      span:
        start: 73
        end: 99
    static_data: []
    file_id: 1
    name: ~
signatures:
  - items:
      - U32
    params_count: 0
  - items:
      - U32
      - Bool
    params_count: 1
  - items:
      - U32
      - U32
    params_count: 1
globals: []
exports:
  - Function:
      id: 107
      name: 118
imports: []
memories:
  - id: 106
    source: Internal
    kind: Memory32
    min_pages: ~
    max_pages: ~
aggregates: []
static_entries: []
start_function: ~
