---
source: crates/wx-compiler/src/mir/tests.rs
expression: case.mir
---
functions:
  - id: 121
    signature_index: 0
    scopes:
      - kind: Block
        parent: ~
        locals: []
        result: U32
    block:
      kind:
        Block:
          scope_index: 0
          expressions:
            - kind:
                Call:
                  callee:
                    kind:
                      Function:
                        id: 127
                    ty:
                      Function:
                        signature_index: 0
                  arguments: []
              ty: U32
      ty: U32
    static_data: []
  - id: 122
    signature_index: 0
    scopes:
      - kind: Block
        parent: ~
        locals: []
        result: U32
    block:
      kind:
        Block:
          scope_index: 0
          expressions:
            - kind:
                Call:
                  callee:
                    kind:
                      Function:
                        id: 128
                    ty:
                      Function:
                        signature_index: 0
                  arguments: []
              ty: U32
      ty: U32
    static_data: []
  - id: 127
    signature_index: 0
    scopes:
      - kind: Block
        parent: ~
        locals: []
        result: U32
    block:
      kind:
        Block:
          scope_index: 0
          expressions:
            - kind:
                Int:
                  value: 1
              ty: U32
      ty: U32
    static_data: []
  - id: 128
    signature_index: 0
    scopes:
      - kind: Block
        parent: ~
        locals: []
        result: U32
    block:
      kind:
        Block:
          scope_index: 0
          expressions:
            - kind:
                Int:
                  value: 4
              ty: U32
      ty: U32
    static_data: []
signatures:
  - items:
      - U32
    params_count: 0
  - items:
      - U32
      - Bool
    params_count: 1
  - items:
      - U32
      - U32
    params_count: 1
globals: []
exports:
  - Function:
      id: 121
      name: 121
  - Function:
      id: 122
      name: 122
imports: []
memories:
  - id: 119
    source: Internal
    kind: Memory32
    min_pages: ~
    max_pages: ~
aggregates: []
static_entries: []
start_function: ~
