---
source: crates/wx-compiler/src/mir/tests.rs
expression: case.mir
---
functions:
  - id: 77
    signature_index: 0
    scopes:
      - kind: Block
        parent: ~
        locals: []
        result:
          Pointer:
            memory: 76
            kind: Memory32
    block:
      kind:
        Block:
          scope_index: 0
          expressions:
            - kind:
                MemoryOffset:
                  memory: 76
              ty:
                Pointer:
                  memory: 76
                  kind: Memory32
      ty:
        Pointer:
          memory: 76
          kind: Memory32
    static_data: []
signatures:
  - items:
      - Pointer:
          memory: 76
          kind: Memory32
    params_count: 0
  - items:
      - U32
      - Bool
    params_count: 1
  - items:
      - U32
      - U32
    params_count: 1
globals: []
exports:
  - Function:
      id: 77
      name: 89
imports: []
memories:
  - id: 76
    source: Internal
    kind: Memory32
    min_pages: ~
    max_pages: ~
aggregates: []
static_entries: []
start_function: ~
