---
source: crates/wx-compiler/src/mir/tests.rs
expression: case.mir
---
functions:
  - id: 121
    signature_index: 0
    scopes:
      - kind: Block
        parent: ~
        locals: []
        result: U32
    block:
      kind:
        Block:
          scope_index: 0
          expressions:
            - kind:
                Int:
                  value: 1
              ty: U32
      ty: U32
    static_data: []
  - id: 122
    signature_index: 0
    scopes:
      - kind: Block
        parent: ~
        locals: []
        result: U32
    block:
      kind:
        Block:
          scope_index: 0
          expressions:
            - kind:
                Int:
                  value: 4
              ty: U32
      ty: U32
    static_data: []
  - id: 123
    signature_index: 0
    scopes:
      - kind: Block
        parent: ~
        locals: []
        result: U32
    block:
      kind:
        Block:
          scope_index: 0
          expressions:
            - kind:
                Int:
                  value: 8
              ty: U32
      ty: U32
    static_data: []
signatures:
  - items:
      - U32
    params_count: 0
  - items:
      - U32
      - Bool
    params_count: 1
  - items:
      - U32
      - U32
    params_count: 1
globals: []
exports:
  - Function:
      id: 121
      name: 123
  - Function:
      id: 122
      name: 124
  - Function:
      id: 123
      name: 125
imports: []
memories:
  - id: 120
    source: Internal
    kind: Memory32
    min_pages: ~
    max_pages: ~
aggregates: []
static_entries: []
start_function: ~
